// Jest Snapshot v1, https://goo.gl/fbAQLP

exports[`UpstreamCredentials for @gql directive should add headers from incoming request headers and jwt claims to outgoing request 1`] = `
Object {
  "foo": "FOO",
}
`;
