// Jest Snapshot v1, https://goo.gl/fbAQLP

exports[`Authentication - ApiKey Invalid ApiKey 1`] = `
Object {
  "ak_foo": "FOO",
}
`;

exports[`Authentication - ApiKey Valid ApiKey 1`] = `
Object {
  "ak_foo": "FOO",
}
`;
