// Jest Snapshot v1, https://goo.gl/fbAQLP

exports[`Argument Injection Check argument injection 1`] = `
Object {
  "ai_foo": "BAR",
}
`;
