// Jest Snapshot v1, https://goo.gl/fbAQLP

exports[`Authorization - Policy directive order Query should return error 1`] = `
[
  {
    "message": "Unauthorized by policy alwaysDeny in namespace my_ns",
    "exception": {
      "code": "INTERNAL_SERVER_ERROR"
    }
  }
]
`;
